// Jest Snapshot v1, https://goo.gl/fbAQLP

exports[`Component: AddReview should render correctly 1`] = `
<div>
  <section
    class="film-card film-card--full"
  >
    <div
      class="film-card__header"
    >
      <div
        class="film-card__bg"
      >
        <img
          alt="string"
          src="string"
        />
      </div>
      <h1
        class="visually-hidden"
      >
        WTW
      </h1>
      <header
        class="page-header"
      >
        <div
          class="logo"
        >
          <a
            class="logo__link"
            href="/"
          >
            <span
              class="logo__letter logo__letter--1"
            >
              W
            </span>
            <span
              class="logo__letter logo__letter--2"
            >
              T
            </span>
            <span
              class="logo__letter logo__letter--3"
            >
              W
            </span>
          </a>
        </div>
        <nav
          class="breadcrumbs"
        >
          <ul
            class="breadcrumbs__list"
          >
            <li
              class="breadcrumbs__item"
            >
              <a
                class="breadcrumbs__link"
                href="/films/NaN"
              >
                string
              </a>
            </li>
            <li
              class="breadcrumbs__item"
            >
              <span
                class="breadcrumbs__link"
              >
                Add review
              </span>
            </li>
          </ul>
        </nav>
        <ul
          class="user-block"
        >
          <li
            class="user-block__item"
          >
            <div
              class="user-block__avatar"
            >
              <a
                href="/mylist"
              >
                <img
                  alt="User avatar"
                  height="63"
                  src="img/avatar.jpg"
                  width="63"
                />
              </a>
            </div>
          </li>
          <li
            class="user-block__item"
          >
            <button
              class="user-block__link"
              style="background: none;"
            >
              Sign out
            </button>
          </li>
        </ul>
      </header>
      <div
        class="film-card__poster film-card__poster--small"
      >
        <img
          alt="string"
          height="327"
          src="string"
          width="218"
        />
      </div>
    </div>
    <div
      class="add-review"
    >
      <form
        action="#"
        class="add-review__form"
      >
        <div
          class="rating"
        >
          <div
            class="rating__stars"
          >
            <input
              class="rating__input"
              id="star-10"
              name="rating"
              type="radio"
              value="10"
            />
            <label
              class="rating__label"
              for="star-10"
            >
              Rating 
              10
            </label>
            <input
              class="rating__input"
              id="star-9"
              name="rating"
              type="radio"
              value="9"
            />
            <label
              class="rating__label"
              for="star-9"
            >
              Rating 
              9
            </label>
            <input
              class="rating__input"
              id="star-8"
              name="rating"
              type="radio"
              value="8"
            />
            <label
              class="rating__label"
              for="star-8"
            >
              Rating 
              8
            </label>
            <input
              class="rating__input"
              id="star-7"
              name="rating"
              type="radio"
              value="7"
            />
            <label
              class="rating__label"
              for="star-7"
            >
              Rating 
              7
            </label>
            <input
              class="rating__input"
              id="star-6"
              name="rating"
              type="radio"
              value="6"
            />
            <label
              class="rating__label"
              for="star-6"
            >
              Rating 
              6
            </label>
            <input
              checked=""
              class="rating__input"
              id="star-5"
              name="rating"
              type="radio"
              value="5"
            />
            <label
              class="rating__label"
              for="star-5"
            >
              Rating 
              5
            </label>
            <input
              class="rating__input"
              id="star-4"
              name="rating"
              type="radio"
              value="4"
            />
            <label
              class="rating__label"
              for="star-4"
            >
              Rating 
              4
            </label>
            <input
              class="rating__input"
              id="star-3"
              name="rating"
              type="radio"
              value="3"
            />
            <label
              class="rating__label"
              for="star-3"
            >
              Rating 
              3
            </label>
            <input
              class="rating__input"
              id="star-2"
              name="rating"
              type="radio"
              value="2"
            />
            <label
              class="rating__label"
              for="star-2"
            >
              Rating 
              2
            </label>
            <input
              class="rating__input"
              id="star-1"
              name="rating"
              type="radio"
              value="1"
            />
            <label
              class="rating__label"
              for="star-1"
            >
              Rating 
              1
            </label>
          </div>
        </div>
        <div
          class="add-review__text"
        >
          <textarea
            class="add-review__textarea"
            maxlength="400"
            placeholder="Review text"
          />
          <div
            class="add-review__submit"
          >
            <button
              class="add-review__btn"
              disabled=""
              type="submit"
            >
              Post
            </button>
          </div>
        </div>
      </form>
    </div>
  </section>
</div>
`;
