// Jest Snapshot v1, https://goo.gl/fbAQLP

exports[`Component: Card should render correctly 1`] = `
<div>
  <article
    class="small-film-card catalog__films-card"
  >
    <div
      class="small-film-card__image"
    >
      <img
        alt="string"
        height="175"
        src="string"
        width="280"
      />
    </div>
    <h3
      class="small-film-card__title"
    >
      <a
        class="small-film-card__link"
        href="/films/1"
      >
        string
      </a>
    </h3>
  </article>
</div>
`;
