// Jest Snapshot v1, https://goo.gl/fbAQLP

exports[`Component: Tabs should render correctly 1`] = `
<div>
  <div
    class="film-card__desc"
  >
    <nav
      class="film-nav film-card__nav"
    >
      <ul
        class="film-nav__list"
      >
        <li
          class="film-nav__item film-nav__item--active"
        >
          <a
            class="film-nav__link"
            href="/#overview"
          >
            Overview
          </a>
        </li>
        <li
          class="film-nav__item"
        >
          <a
            class="film-nav__link"
            href="/#details"
          >
            Details
          </a>
        </li>
        <li
          class="film-nav__item"
        >
          <a
            class="film-nav__link"
            href="/#reviews"
          >
            Reviews
          </a>
        </li>
      </ul>
    </nav>
    <div
      class="film-rating"
    >
      <div
        class="film-rating__score"
      >
        10
      </div>
      <p
        class="film-rating__meta"
      >
        <span
          class="film-rating__level"
        >
          Awesome
        </span>
        <span
          class="film-rating__count"
        >
          10
           ratings
        </span>
      </p>
    </div>
    <div
      class="film-card__text"
    >
      <p>
        string
      </p>
      <p
        class="film-card__director"
      >
        <strong>
          Director: 
          string
        </strong>
      </p>
      <p
        class="film-card__starring"
      >
        <strong>
          Starring: 
          
        </strong>
      </p>
    </div>
  </div>
</div>
`;
